// Jest Snapshot v1, https://goo.gl/fbAQLP

exports[`Render should render component 1`] = `
<div
  className="sidemenu__top"
>
  <TopSectionItem
    link={
      Object {
        "icon": "search",
        "text": "Search",
      }
    }
    onClick={[Function]}
  />
  <TopSectionItem
    key="3-0"
    link={
      Object {
        "hideFromMenu": false,
        "id": "3",
      }
    }
  />
  <TopSectionItem
    key="dbaas-1"
    link={
      Object {
        "icon": "database",
        "id": "dbaas",
        "text": "DBaaS",
        "url": "/graph/d/pmm-dbaas/pmm-dbaas",
      }
    }
  />
</div>
`;

exports[`Render should render items 1`] = `
<div
  className="sidemenu__top"
>
  <TopSectionItem
    link={
      Object {
        "icon": "search",
        "text": "Search",
      }
    }
    onClick={[Function]}
  />
  <TopSectionItem
    key="3-0"
    link={
      Object {
        "hideFromMenu": false,
        "id": "3",
      }
    }
  />
  <TopSectionItem
    key="dbaas-1"
    link={
      Object {
        "icon": "database",
        "id": "dbaas",
        "text": "DBaaS",
        "url": "/graph/d/pmm-dbaas/pmm-dbaas",
      }
    }
  />
</div>
`;
